=== stdout ===
Kind:     apps/Deployment
Object:   payments/checkout
Cluster:  prod-eu-1
Coverage: not reported by this backend

TIME (UTC)                EVENT  ACTOR                    CHANGE
2026-08-28 14:03:20.310Z  Event  kube-controller-manager  ScalingReplicaSet: Scaled up replica set checkout-7d4f to 5
2026-08-28 14:06:44.020Z  Event  replicaset-controller    ⚠ FailedCreate: pods "checkout-7d4f-" is forbidden: exceeded …
=== stderr ===
! every row here is a Kubernetes Event: no change to payments/checkout is recorded in 2026-08-01T00:00:00Z to 2026-08-28T15:00:00Z, and this backend has no scope log: it cannot say whether that means nothing changed or nothing was watching
