=== stdout ===
[2mKind:[0m     apps/Deployment
[2mObject:[0m   payments/checkout
[2mCluster:[0m  prod-eu-1
[2mCoverage:[0m 2026-07-02T09:14:00Z → open (ClusterStreamRule/all-workloads)

[2mTIME (UTC)               EVENT  ACTOR                    CHANGE[0m
2026-08-28 14:03:20.310  [35mEvent[0m  kube-controller-manager  ScalingReplicaSet: Scaled up replica set checkout-7d4f to 5
2026-08-28 14:06:44.020  [35mEvent[0m  replicaset-controller    [31m⚠[0m FailedCreate: pods "checkout-7d4f-" is forbidden: exceeded q…
=== stderr ===
! [33mevery row here is a Kubernetes Event: no change to payments/checkout is recorded in 2026-08-01T00:00:00Z to 2026-08-28T15:00:00Z. The scope was confirmed watched over 2026-07-02T09:14:00Z → open (ClusterStreamRule/all-workloads), so nothing changed in that period[0m
