=== stdout ===
Kind:              apps/Deployment
Object:            payments/checkout
Cluster:           prod-eu-1
Coverage (Events): 2026-07-02T09:14:00Z → open (ClusterStreamRule/all-events)
=== stderr ===
! --events-only found no Events for payments/checkout in 2026-08-01T00:00:00Z to 2026-08-28T15:00:00Z. Events were confirmed recorded over 2026-07-02T09:14:00Z → open (ClusterStreamRule/all-events), so nothing was said about it while that scope was open
