=== stdout ===
Kind:              apps/Deployment
Object:            payments/checkout
Cluster:           prod-eu-1
Coverage (Events): 2026-07-02T09:14:00Z → open (ClusterStreamRule/all-events)

TIME (UTC)                EVENT  ACTOR              CHANGE
2026-08-28 14:03:20.310Z  Event  default-scheduler  Scheduled: Successfully assigned payments/checkout-7d4f-9xk2l to no…
2026-08-28 14:04:02.118Z  Event  kubelet            ⚠ BackOff ×3: Back-off restarting failed container checkout in pod …
2026-08-28 14:05:02.402Z  Event  kubelet            ⚠ BackOff ×14: Back-off restarting failed container checkout in pod…
2026-08-28 14:06:03.006Z  Event  kubelet            ⚠ BackOff ×31: Back-off restarting failed container checkout in pod…
2026-08-28 14:07:03.771Z  Event  kubelet            ⚠ BackOff ×50: Back-off restarting failed container checkout in pod…
=== stderr ===
