=== stdout ===
[2mKind:[0m     apps/Deployment
[2mObject:[0m   payments/checkout
[2mCluster:[0m  prod-eu-1
[2mUID:[0m      7c9e6679-7425-40de-944b-e07fc1f90ae7
[2mCoverage:[0m 2026-07-02T09:14:00Z → open (ClusterStreamRule/all-workloads)

[2mTIME (UTC)                EVENT     ACTOR                      CHANGE[0m
2026-08-28 14:02:58.001Z  [32mAdded[0m     kubectl-client-side-apply  full state recorded
2026-08-28 14:05:02.117Z  [33mModified[0m  kube-controller-manager    ~ spec.replicas: 3 → 5
2026-08-28 14:09:40.900Z  [33mModified[0m  kube-controller-manager    3 ops
    ~ [2mspec.replicas: 5 → 7[0m
    + [2mspec.paused: true[0m
    - [2mspec.minReadySeconds: 10[0m

=== stderr ===
