=== stdout ===
{
  "apiVersion": "cli.kuberecord.io/v1alpha1",
  "kind": "Timeline",
  "metadata": {
    "cluster_id": "prod-eu-1",
    "backend": "clickhouse",
    "coverage": {
      "available": true,
      "summary": "2026-07-02T09:14:00Z → open (ClusterStreamRule/all-workloads)",
      "intervals": [
        {
          "api_group": "apps",
          "kind": "Deployment",
          "namespace": "",
          "rule_ref": "ClusterStreamRule/all-workloads",
          "from": "2026-07-02T09:14:00Z",
          "to": null
        }
      ]
    }
  },
  "items": [
    {
      "ts": "2026-08-28T14:09:40.9Z",
      "event_type": "Modified",
      "actors": [],
      "uid": "7c9e6679-7425-40de-944b-e07fc1f90ae7",
      "resource_version": "1004",
      "api_version": "apps/v1",
      "data": "",
      "diff": "[{\"op\":\"replace\",\"path\":\"/metadata/annotations/deployment.kubernetes.io~1revision\",\"value\":\"2\"}]",
      "sha256": "",
      "labels": {}
    },
    {
      "ts": "2026-08-28T14:05:02.117Z",
      "event_type": "Modified",
      "actors": [
        "kube-controller-manager"
      ],
      "uid": "7c9e6679-7425-40de-944b-e07fc1f90ae7",
      "resource_version": "1003",
      "api_version": "apps/v1",
      "data": "",
      "diff": "[{\"op\":\"replace\",\"path\":\"/spec/replicas\",\"value\":5},{\"op\":\"add\",\"path\":\"/spec/paused\",\"value\":true},{\"op\":\"remove\",\"path\":\"/spec/minReadySeconds\"}]",
      "sha256": "",
      "labels": {}
    },
    {
      "ts": "2026-08-28T14:03:11.482Z",
      "event_type": "Modified",
      "actors": [
        "kubectl-client-side-apply"
      ],
      "uid": "7c9e6679-7425-40de-944b-e07fc1f90ae7",
      "resource_version": "1002",
      "api_version": "apps/v1",
      "data": "",
      "diff": "[{\"op\":\"replace\",\"path\":\"/spec/template/spec/containers/0/resources/limits/memory\",\"value\":\"512Mi\"}]",
      "sha256": "",
      "labels": {}
    },
    {
      "ts": "2026-08-28T14:02:58.001Z",
      "event_type": "Added",
      "actors": [
        "kubectl-client-side-apply"
      ],
      "uid": "7c9e6679-7425-40de-944b-e07fc1f90ae7",
      "resource_version": "1001",
      "api_version": "apps/v1",
      "data": "{\"apiVersion\":\"apps/v1\",\"kind\":\"Deployment\",\"metadata\":{\"name\":\"checkout\",\"namespace\":\"payments\",\"annotations\":{\"deployment.kubernetes.io/revision\":\"1\"}},\"spec\":{\"replicas\":3,\"minReadySeconds\":10,\"template\":{\"spec\":{\"containers\":[{\"name\":\"checkout\",\"image\":\"registry.example/checkout:1.4.2\",\"resources\":{\"limits\":{\"cpu\":\"2\",\"memory\":\"2Gi\"}}}]}}}}",
      "diff": "",
      "sha256": "",
      "labels": {}
    }
  ]
}
=== stderr ===
