=== stdout ===
Kind:     apps/Deployment
Object:   payments/checkout
Cluster:  prod-eu-1
UID:      7c9e6679-7425-40de-944b-e07fc1f90ae7
Coverage: 2026-07-02T09:14:00Z → open (ClusterStreamRule/all-workloads)

TIME (UTC)                EVENT     ACTOR                      CHANGE
2026-08-28 14:02:58.001Z  Added     kubectl-client-side-apply  full state recorded
2026-08-28 14:05:02.117Z  Modified  kube-controller-manager    ~ spec.replicas: 3 → 5
2026-08-28 14:09:40.900Z  Modified  kube-controller-manager    3 ops
=== stderr ===
! 1 row is shortened to fit the CHANGE column; pass --full to print every operation
