=== stdout ===
Kind:     apps/Deployment
Object:   payments/checkout
Cluster:  prod-eu-1
UID:      7c9e6679-7425-40de-944b-e07fc1f90ae7
Coverage: 2026-07-02T11:14:00+02:00 → open (ClusterStreamRule/all-workloads)

TIME (Europe/Warsaw)           EVENT     ACTOR                      CHANGE
2026-08-28 16:02:58.001+02:00  Added     kubectl-client-side-apply  full state recorded
2026-08-28 16:03:11.482+02:00  Modified  kubectl-client-side-apply  ~ spec.…resources.limits.memory: 2Gi → 512Mi
2026-08-28 16:05:02.117+02:00  Modified  kube-controller-manager    3 ops
2026-08-28 16:09:40.900+02:00  Modified  unknown                    ~ metadata.…deployment.kubernetes.io/revision: 1 → 2
=== stderr ===
! 3 rows are shortened to fit the CHANGE column; pass --full to print every operation
