=== stdout ===
Kind:     apps/Deployment
Object:   payments/checkout
Cluster:  prod-eu-1
Coverage: none recorded for this scope
=== stderr ===
error: no watch coverage recorded for the requested scope: nothing was ever watching apps/Deployment payments/checkout in cluster "prod-eu-1", so this silence is not evidence that it did not change — and whether any Kubernetes Event about it was recorded cannot be said: reading the watch scopes that cover Kubernetes Events in namespace payments: dial tcp 10.0.0.5:9000: connection refused; the `scopes` command lists what is being recorded
