=== stdout ===
backend
  --source             silent       not given
  --sink               silent       not given
  profile              silent       /home/engineer/.config/kuberecord/config.yaml defines no profiles
  discovery            answered     the cluster's only sink

  resolved             ClickHouseSink/default (clickhouse.kuberecord-system.svc:9000/kuberecord)
  engine               clickhouse
  capabilities         deletions=yes, server_side_filter=yes, point_query=yes, time_bound_required=no

cluster identity
  --cluster-id         silent       not given
  context mapping      silent       /home/engineer/.config/kuberecord/config.yaml maps no kubeconfig contexts
  operator Deployment  answered     prod-eu-1
  the sink             not reached

  resolved             prod-eu-1 (from the operator Deployment kuberecord-system/kuberecord-controller-manager)

reachability
  not checked          nothing was dialled; --check asks the backend whether it answers
=== stderr ===
=== error ===
