! profile "prod" is where this invocation reads from, and the chain stops here.

It was named by --profile on this command line, and the file defining it is
/home/engineer/.config/kuberecord/config.yaml

Falling through to the cluster's own sink would read from somewhere you did not choose
and report success, so a profile that cannot be resolved is fatal rather than skipped.
Three routes get past it, and all three work today.

The profile reads its password from a file. This is the path it names, and nothing
here creates one:

    /var/lib/kuberecord/clickhouse-password

Create it, readable by you. Or write the stanza again naming an environment variable
instead — `set-profile` replaces a profile whole rather than merging into it, and
with no flags it asks:

    kuberecord config set-profile prod

Or skip the profile for this one invocation. --sink is step 2 and a profile is step 3,
so a named sink is reached first and its credential comes from the Secret it references.
`kubectl get clickhousesinks` names the ones this cluster holds:

    kuberecord timeline … --sink ClickHouseSink/<name>

Or stop this one answering. The file also defines archive:

    kuberecord timeline … --profile archive

To watch the chain make this decision, with this step's own reason beside it:

    kuberecord config resolve
