=== stdout ===
Kind:     apps/Deployment
Object:   payments/checkout
Cluster:  prod-eu-1
UID:      7c9e6679-7425-40de-944b-e07fc1f90ae7
Coverage: 2026-07-02T09:14:00Z → open (ClusterStreamRule/all-workloads)
=== stderr ===
! 3 changes are recorded for payments/checkout in 2026-08-28T14:03:00Z to now, and none of them touched spec.nonesuch; the window itself is not empty
