=== stdout ===
Kind:     apps/Deployment
Object:   payments/checkout
Cluster:  prod-eu-1
UID:      7c9e6679-7425-40de-944b-e07fc1f90ae7
Coverage: 2026-07-02T09:14:00Z → open (ClusterStreamRule/all-workloads)

2026-08-28 14:02:58.001 UTC  Added  kubectl-client-side-apply
  full state recorded

2026-08-28 14:03:11.482 UTC  Modified  kubectl-client-side-apply
  ~ spec.template.spec.containers[0].resources.limits.memory
      - 2Gi
      + 512Mi

2026-08-28 14:05:02.117 UTC  Modified  kube-controller-manager
  ~ spec.replicas
      - 3
      + 5
  + spec.paused
      + true
  - spec.minReadySeconds
      - 10

2026-08-28 14:09:40.900 UTC  Modified  unknown
  ~ metadata.annotations.deployment.kubernetes.io/revision
      - 1
      + 2
=== stderr ===
