=== stdout ===
Kind:     apps/Deployment
Object:   payments/checkout
Cluster:  prod-eu-1
UID:      7c9e6679-7425-40de-944b-e07fc1f90ae7
Window:   2026-08-28T14:04:00Z to now
Base:     2026-08-28T14:02:58Z (Added) plus 1 patch
Coverage: 2026-07-02T09:14:00Z → open (ClusterStreamRule/all-workloads)

FIELD                                                     LAST CHANGED             ACTOR
metadata.annotations.deployment.kubernetes.io/revision    2026-08-28 14:09:40.900  unknown
spec.template.spec.containers[0].resources.limits.cpu     2026-08-28 14:07:20.044  argocd-application-controller
spec.template.spec.containers[0].resources.limits.memory  2026-08-28 14:07:20.044  argocd-application-controller
spec.minReadySeconds  (removed)                           2026-08-28 14:05:02.117  kube-controller-manager
spec.paused                                               2026-08-28 14:05:02.117  kube-controller-manager
spec.replicas                                             2026-08-28 14:05:02.117  kube-controller-manager
apiVersion                                                (before window)          -
kind                                                      (before window)          -
metadata.name                                             (before window)          -
metadata.namespace                                        (before window)          -
spec.template.spec.containers[0].image                    (before window)          -
spec.template.spec.containers[0].name                     (before window)          -
=== stderr ===
