=== stdout ===
Kind:     apps/Deployment
Object:   payments/checkout
Cluster:  prod-eu-1
UID:      7c9e6679-7425-40de-944b-e07fc1f90ae7
Window:   all recorded history
Base:     2026-08-28T14:02:58Z (Added), this incarnation's first sighting
Coverage: 2026-07-02T09:14:00Z → open (ClusterStreamRule/all-workloads)

FIELD                            LAST CHANGED             FIELDS  ACTOR
metadata.annotations             2026-08-28 14:09:40.900  1       unknown
spec.template                    2026-08-28 14:07:20.044  4       argocd-application-controller
spec.minReadySeconds  (removed)  2026-08-28 14:05:02.117  1       kube-controller-manager
spec.paused                      2026-08-28 14:05:02.117  1       kube-controller-manager
spec.replicas                    2026-08-28 14:05:02.117  1       kube-controller-manager
apiVersion                       2026-08-28 14:02:58.001  1       kubectl-client-side-apply
kind                             2026-08-28 14:02:58.001  1       kubectl-client-side-apply
metadata.name                    2026-08-28 14:02:58.001  1       kubectl-client-side-apply
metadata.namespace               2026-08-28 14:02:58.001  1       kubectl-client-side-apply
=== stderr ===
