=== stdout ===
[2mKind:[0m     apps/Deployment
[2mObject:[0m   payments/checkout
[2mCluster:[0m  prod-eu-1
[2mWindow:[0m   all recorded history
[2mBase:[0m     not established
[2mCoverage:[0m [33mnone recorded for this scope[0m
=== stderr ===
error: no watch coverage recorded for the requested scope: nothing was ever watching apps/Deployment payments/checkout in cluster "prod-eu-1", so this silence is not evidence that it did not change; the `scopes` command lists what is being recorded
