=== stdout ===
Kind:     apps/Deployment
Object:   payments/checkout
Cluster:  prod-eu-1
UID:      7c9e6679-7425-40de-944b-e07fc1f90ae7
Window:   all recorded history
Base:     2026-08-28T14:02:58Z (Added), this incarnation's first sighting
Coverage: 2026-07-02T09:14:00Z → open (ClusterStreamRule/all-workloads)

FIELD                                    LAST CHANGED                    RESOURCE VERSION  ACTOR
metadata.…kubernetes.io/revision         2026-08-28T14:09:40.900000000Z  1005              unknown
spec.…resources.limits.cpu               2026-08-28T14:07:20.044000000Z  1004              argocd-application-controller
spec.…resources.limits.memory            2026-08-28T14:07:20.044000000Z  1004              argocd-application-controller
spec.minReadySeconds  (removed)          2026-08-28T14:05:02.117000000Z  1003              kube-controller-manager
spec.paused                              2026-08-28T14:05:02.117000000Z  1003              kube-controller-manager
spec.replicas                            2026-08-28T14:05:02.117000000Z  1003              kube-controller-manager
apiVersion                               2026-08-28T14:02:58.001000000Z  1001              kubectl-client-side-apply
kind                                     2026-08-28T14:02:58.001000000Z  1001              kubectl-client-side-apply
metadata.name                            2026-08-28T14:02:58.001000000Z  1001              kubectl-client-side-apply
metadata.namespace                       2026-08-28T14:02:58.001000000Z  1001              kubectl-client-side-apply
spec.template.spec.containers[0].image   2026-08-28T14:02:58.001000000Z  1001              kubectl-client-side-apply
spec.template.spec.containers[0].name    2026-08-28T14:02:58.001000000Z  1001              kubectl-client-side-apply
=== stderr ===
