=== stdout ===
kuberecord v0.4.0
  commit  77514b632925
  built   2026-09-05T11:02:44Z
  go      go1.25.7 linux/amd64

query backends compiled in:
  clickhouse  engine clickhouse   — schema v1 in ClickHouse
  s3          engine objectsource — jsonl-v1 archive in an S3-compatible bucket
  local       engine objectsource — jsonl-v1 archive in a directory

setup:
  backend     ClickHouseSink/default (clickhouse.kuberecord-system.svc:9000/kuberecord)
  engine      clickhouse
  cluster-id  prod-eu-1 (from the operator Deployment kuberecord-system/kuberecord-controller-manager)
  reachable   the backend answered
=== stderr ===
=== error ===
