ClickHouseSink/default records clickhouse.kuberecord-quickstart.svc:9000.

That name resolves inside the cluster and nowhere else, so the profile records
127.0.0.1:9000 instead and expects a forwarded port beside it:

    kubectl port-forward -n kuberecord-quickstart svc/clickhouse 9000:9000

Database kuberecord and user kuberecord are the sink's own.
Its own credential is Secret kuberecord-system/clickhouse-credentials, key "password".
The profile does not copy it: it reads $KUBERECORD_CLICKHOUSE_PASSWORD.
Export a read-only ClickHouse user's password there rather than the operator's,
which is a credential that can write to the audit trail. See docs/CLI.md.
