ClickHouseSink/default records clickhouse.kuberecord-quickstart.svc:9000.

That name resolves inside the cluster and nowhere else, so the profile records
127.0.0.1:9000 instead and expects a forwarded port beside it:

[1m    kubectl port-forward -n kuberecord-quickstart svc/clickhouse 9000:9000[0m

Database kuberecord and user kuberecord are the sink's own.
Its own credential is Secret kuberecord-system/clickhouse-credentials, key "password".
The profile does not copy it: kuberecord's password comes from $KUBERECORD_CLICKHOUSE_PASSWORD.

That user is the sink's own writer, so this profile can write to the audit trail.
Give --username a read-only user instead; the grants it needs are at
docs/CLI.md#the-read-only-clickhouse-user
