=== stdout ===
Cluster: prod-eu-1
Scope:   every kind in every namespace
Window:  all recorded history

KIND             NAMESPACE  FROM                     TO                       RULE
apps/Deployment  payments   2026-06-01 08:00:00.000  2026-07-02 09:14:00.000  StreamRule/payments/workloads
apps/Deployment  (all)      2026-07-02 09:14:00.000  (open)                   ClusterStreamRule/all-workloads
ConfigMap        payments   2026-07-02 09:14:00.000  2026-08-11 17:31:22.000  (not recorded)
=== stderr ===
