=== stdout ===
CURRENT  NAME     BACKEND     TARGET                                     CREDENTIAL
         archive  s3          s3://audit-archive/prod                    ambient
*        local    clickhouse  kuberecord_ro@127.0.0.1:9000/kuberecord    env KUBERECORD_CLICKHOUSE_PASSWORD (not set)
         nopass   clickhouse  default@127.0.0.1:9000/kuberecord          none
         onfile   clickhouse  default@10.0.1.5:9000/kuberecord           file /etc/kuberecord/password (missing)
         prod     clickhouse  kuberecord_ro@ch.observability:9000/audit  env KUBERECORD_TEST_EXPORTED_PASSWORD (set)
         writer   clickhouse  kuberecord@127.0.0.1:9000/kuberecord       env KUBERECORD_CLICKHOUSE_PASSWORD (not set)
=== stderr ===
# /home/engineer/.config/kuberecord/config.yaml
=== exit ===
0 (success)
